🚀 Starting FinOps Guardian Optimized Pipeline
Mode: Fast Dev (3 trials)
[compute_data] Starting optimization...
[compute_data] Tuning Isolation Forest...
[compute_data] Tuning One-Class SVM...
[compute_data] Tuning LSTM...
[compute_data] Tuning Ensemble Weights...
[compute_data] Tuning LGBM...
[compute_data] Tuning Prophet...
18:57:39 - cmdstanpy - INFO - Chain [1] start processing
18:57:39 - cmdstanpy - INFO - Chain [1] done processing
18:57:39 - cmdstanpy - INFO - Chain [1] start processing
18:57:39 - cmdstanpy - INFO - Chain [1] done processing
18:57:39 - cmdstanpy - INFO - Chain [1] start processing
18:57:39 - cmdstanpy - INFO - Chain [1] done processing
18:57:39 - cmdstanpy - INFO - Chain [1] start processing
18:57:39 - cmdstanpy - INFO - Chain [1] done processing
[compute_devops] Starting optimization...
[compute_devops] Tuning Isolation Forest...
[compute_devops] Tuning One-Class SVM...
[compute_devops] Tuning LSTM...
[compute_devops] Tuning Ensemble Weights...
[compute_devops] Tuning LGBM...
[compute_devops] Tuning Prophet...
[compute_engineering] Starting optimization...
[compute_engineering] Tuning Isolation Forest...
[compute_engineering] Tuning One-Class SVM...
[compute_engineering] Tuning LSTM...
[compute_engineering] Tuning Ensemble Weights...
[compute_engineering] Tuning LGBM...
[compute_engineering] Tuning Prophet...
[compute_product] Starting optimization...
[compute_product] Tuning Isolation Forest...
[compute_product] Tuning One-Class SVM...
[compute_product] Tuning LSTM...
[compute_product] Tuning Ensemble Weights...
[compute_product] Tuning LGBM...
[compute_product] Tuning Prophet...
[managed_services_data] Starting optimization...
[managed_services_data] Tuning Isolation Forest...
[managed_services_data] Tuning One-Class SVM...
[managed_services_data] Tuning LSTM...
[managed_services_data] Tuning Ensemble Weights...
[managed_services_data] Tuning LGBM...
[managed_services_data] Tuning Prophet...
[managed_services_devops] Starting optimization...
[managed_services_devops] Tuning Isolation Forest...
[managed_services_devops] Tuning One-Class SVM...
[managed_services_devops] Tuning LSTM...
[managed_services_devops] Tuning Ensemble Weights...
[managed_services_devops] Tuning LGBM...
[managed_services_devops] Tuning Prophet...
[managed_services_engineering] Starting optimization...
[managed_services_engineering] Tuning Isolation Forest...
[managed_services_engineering] Tuning One-Class SVM...
[managed_services_engineering] Tuning LSTM...
[managed_services_engineering] Tuning Ensemble Weights...
[managed_services_engineering] Tuning LGBM...
[managed_services_engineering] Tuning Prophet...
[managed_services_product] Starting optimization...
[managed_services_product] Tuning Isolation Forest...
[managed_services_product] Tuning One-Class SVM...
[managed_services_product] Tuning LSTM...
[managed_services_product] Tuning Ensemble Weights...
[managed_services_product] Tuning LGBM...
[managed_services_product] Tuning Prophet...
[networking_data] Starting optimization...
[networking_data] Tuning Isolation Forest...
[networking_data] Tuning One-Class SVM...
[networking_data] Tuning LSTM...
[networking_data] Tuning Ensemble Weights...
[networking_data] Tuning LGBM...
[networking_data] Tuning Prophet...
[networking_devops] Starting optimization...
[networking_devops] Tuning Isolation Forest...
[networking_devops] Tuning One-Class SVM...
[networking_devops] Tuning LSTM...
[networking_devops] Tuning Ensemble Weights...
[networking_devops] Tuning LGBM...
[networking_devops] Tuning Prophet...
[networking_engineering] Starting optimization...
[networking_engineering] Tuning Isolation Forest...
[networking_engineering] Tuning One-Class SVM...
[networking_engineering] Tuning LSTM...
[networking_engineering] Tuning Ensemble Weights...
[networking_engineering] Tuning LGBM...
[networking_engineering] Tuning Prophet...
[networking_product] Starting optimization...
[networking_product] Tuning Isolation Forest...
[networking_product] Tuning One-Class SVM...
[networking_product] Tuning LSTM...
[networking_product] Tuning Ensemble Weights...
[networking_product] Tuning LGBM...
[networking_product] Tuning Prophet...
[storage_data] Starting optimization...
[storage_data] Tuning Isolation Forest...
[storage_data] Tuning One-Class SVM...
[storage_data] Tuning LSTM...
[storage_data] Tuning Ensemble Weights...
[storage_data] Tuning LGBM...
[storage_data] Tuning Prophet...
[storage_devops] Starting optimization...
[storage_devops] Tuning Isolation Forest...
[storage_devops] Tuning One-Class SVM...
[storage_devops] Tuning LSTM...
[storage_devops] Tuning Ensemble Weights...
[storage_devops] Tuning LGBM...
[storage_devops] Tuning Prophet...
[storage_engineering] Starting optimization...
[storage_engineering] Tuning Isolation Forest...
[storage_engineering] Tuning One-Class SVM...
[storage_engineering] Tuning LSTM...
[storage_engineering] Tuning Ensemble Weights...
[storage_engineering] Tuning LGBM...
[storage_engineering] Tuning Prophet...
[storage_product] Starting optimization...
[storage_product] Tuning Isolation Forest...
[storage_product] Tuning One-Class SVM...
[storage_product] Tuning LSTM...
[storage_product] Tuning Ensemble Weights...
[storage_product] Tuning LGBM...
[storage_product] Tuning Prophet...

================ Metrics ================
                               f1  precision  ...  roc_auc  false_positive_rate
compute_data                  0.0        0.0  ...      0.0                  1.0
compute_devops                0.0        0.0  ...      0.0                  1.0
compute_engineering           0.0        0.0  ...      0.0                  1.0
compute_product               0.0        0.0  ...      0.0                  1.0
managed_services_data         0.0        0.0  ...      0.0                  1.0
managed_services_devops       0.0        0.0  ...      0.0                  1.0
managed_services_engineering  0.0        0.0  ...      0.0                  1.0
managed_services_product      0.0        0.0  ...      0.0                  1.0
networking_data               0.0        0.0  ...      0.0                  1.0
networking_devops             0.0        0.0  ...      0.0                  1.0
networking_engineering        0.0        0.0  ...      0.0                  1.0
networking_product            0.0        0.0  ...      0.0                  1.0
storage_data                  0.0        0.0  ...      0.0                  1.0
storage_devops                0.0        0.0  ...      0.0                  1.0
storage_engineering           0.0        0.0  ...      0.0                  1.0
storage_product               0.0        0.0  ...      0.0                  1.0

[16 rows x 5 columns]
✅ Pipeline Completed Successfully. Artifacts saved in ML/Artifacts.
